Traceback (most recent call last):
  File "/app/scripts/fetch_prices.py", line 32, in <module>
    HISTORY_DIR.mkdir(exist_ok=True)
  File "/usr/local/lib/python3.11/pathlib.py", line 1116, in mkdir
    os.mkdir(self, mode)
FileNotFoundError: [Errno 2] No such file or directory: '/var/repo/tw-stock-research/price-history'
📊 Quinn 收盤價記錄器
   監控標的: 11 支
   當下時間: 2026-07-20 13:30:01
   市場狀態: closed

代碼     名稱               成交       昨收      漲跌     漲跌幅        成交量     PE     殖利率
-------------------------------------------------------------------------------------
2753   八方雲集              -   175.00 -175.00 -100.00%        186  12.99    6.86
1734   杏輝                -    32.25  -32.25 -100.00%        437  18.75    4.96
6509   聚和國際          47.00    48.15   -1.15  -2.39%       2525  14.82    2.89
2834   臺企銀               -    18.05  -18.05 -100.00%      44382  13.78    5.54
3479 安勤: 無報價資料
6412   群電                -    78.90  -78.90 -100.00%       1019  15.17    4.69
2241   艾姆勒               -    36.55  -36.55 -100.00%        897               
4977   眾達-KY             -   130.00 -130.00 -100.00%       1843  28.82    1.68
6472   保瑞           392.50   396.00   -3.50  -0.88%        662  31.38    2.53
6409   旭隼                -   967.00 -967.00 -100.00%        459  27.70    3.83
6515   穎崴                -  6055.00 -6055.00 -100.00%        342 124.08    0.82

✅ 歷史記錄已寫入: /var/repo/tw-stock-research/price-history/daily-prices.csv
   總筆數: 11 (含表頭)
Traceback (most recent call last):
  File "/app/scripts/fetch_prices.py", line 32, in <module>
    HISTORY_DIR.mkdir(exist_ok=True)
  File "/usr/local/lib/python3.11/pathlib.py", line 1116, in mkdir
    os.mkdir(self, mode)
FileNotFoundError: [Errno 2] No such file or directory: '/var/repo/tw-stock-research/price-history'
📊 Quinn 收盤價記錄器 (機械抓取 — 純資料, 無分析)
   監控標的: 11 支
   當下時間: 2026-07-22 13:30:01
   市場狀態: closed

代碼     名稱               成交       昨收      漲跌     漲跌幅        成交量     PE     殖利率
-------------------------------------------------------------------------------------
2753   八方雲集         176.50   179.00   -2.50  -1.40%        160  13.29    6.70
1734   杏輝            32.80    32.70   +0.10  +0.31%        707  19.01    4.89
6509   聚和國際          47.95    48.00   -0.05  -0.10%        932  14.77    2.90
2834   臺企銀           18.05    18.00   +0.05  +0.28%      33939  13.74    5.56
3479   安勤           150.00   148.50   +1.50  +1.01%       7789  21.87    3.11
6412   群電            82.20    81.70   +0.50  +0.61%        717  15.71    4.53
2241   艾姆勒           35.05    35.20   -0.15  -0.43%        684               
4977   眾達-KY        133.50   132.00   +1.50  +1.14%       1707  29.71    1.63
6472   保瑞           423.00   401.00  +22.00  +5.49%        816  31.77    2.49
6409   旭隼           997.00   989.00   +8.00  +0.81%        461  28.33    3.72
6515   穎崴          6490.00  6655.00 -165.00  -2.48%        552 136.37    0.74
✅ SQLite 同步寫入: /var/repo/tw-stock-research/data/tw_stock.db

⚠️ z 無最新成交者採最佳買一／OHLC 估算：2753:best_bid_estimate, 1734:best_bid_estimate, 6509:best_bid_estimate, 2834:best_bid_estimate, 6412:best_bid_estimate, 2241:best_bid_estimate, 4977:best_bid_estimate, 6472:best_bid_estimate, 6409:best_bid_estimate, 6515:best_bid_estimate
   執行以券商即時成交為準；無有效價格者不計算漲跌幅。
✅ 歷史記錄已寫入: /var/repo/tw-stock-research/price-history/daily-prices.csv
   總筆數: 12 (含表頭)
📊 Quinn 收盤價記錄器 (機械抓取 — 純資料, 無分析)
   監控標的: 11 支
   當下時間: 2026-07-23 13:30:01
   市場狀態: closed

代碼     名稱               成交       昨收      漲跌     漲跌幅        成交量     PE     殖利率
-------------------------------------------------------------------------------------
2753 八方雲集: 無報價資料
1734 杏輝: 無報價資料
6509 聚和國際: 無報價資料
2834 臺企銀: 無報價資料
3479 安勤: 無報價資料
6412 群電: 無報價資料
2241 艾姆勒: 無報價資料
4977 眾達-KY: 無報價資料
6472 保瑞: 無報價資料
6409   旭隼          1005.00   961.00  +44.00  +4.58%        301  28.59    3.68
6515 穎崴: 無報價資料
✅ SQLite 同步寫入: /var/repo/tw-stock-research/data/tw_stock.db

⚠️ z 無最新成交者採最佳買一／OHLC 估算：6409:best_bid_estimate
   執行以券商即時成交為準；無有效價格者不計算漲跌幅。
✅ 歷史記錄已寫入: /var/repo/tw-stock-research/price-history/daily-prices.csv
   總筆數: 13 (含表頭)
📊 Quinn 收盤價記錄器 (機械抓取 — 純資料, 無分析)
   監控標的: 11 支
   當下時間: 2026-07-24 13:30:01
   市場狀態: closed

代碼     名稱               成交       昨收      漲跌     漲跌幅        成交量     PE     殖利率
-------------------------------------------------------------------------------------
2753   八方雲集         178.00   176.00   +2.00  +1.14%        267  13.07    6.82
1734   杏輝            31.40    31.55   -0.15  -0.48%        748  18.92    4.92
6509   聚和國際          47.20    47.30   -0.10  -0.21%        988  14.55    2.95
2834   臺企銀           17.95    17.90   +0.05  +0.28%      30654  13.66    5.59
3479   安勤           157.00   153.50   +3.50  +2.28%       3275  22.61    3.01
6412   群電            81.20    82.40   -1.20  -1.46%        473  15.85    4.49
2241   艾姆勒           34.85    34.20   +0.65  +1.90%        403               
4977   眾達-KY        139.00   134.50   +4.50  +3.35%       8330  29.82    1.62
6472   保瑞           392.50   401.00   -8.50  -2.12%        574  31.77    2.49
6409   旭隼          1015.00  1000.00  +15.00  +1.50%        822  28.65    3.68
6515   穎崴          6285.00  6610.00 -325.00  -4.92%        253 135.45    0.75
✅ SQLite 同步寫入: /var/repo/tw-stock-research/data/tw_stock.db

⚠️ z 無最新成交者採最佳買一／OHLC 估算：2753:best_bid_estimate, 1734:best_bid_estimate, 6509:best_bid_estimate, 2834:best_bid_estimate, 6412:best_bid_estimate, 2241:best_bid_estimate, 4977:best_bid_estimate, 6472:best_bid_estimate, 6515:best_bid_estimate
   執行以券商即時成交為準；無有效價格者不計算漲跌幅。
✅ 歷史記錄已寫入: /var/repo/tw-stock-research/price-history/daily-prices.csv
   總筆數: 24 (含表頭)
📊 Quinn 收盤價記錄器 (機械抓取 — 純資料, 無分析)
   監控標的: 11 支
   當下時間: 2026-07-27 13:30:01
   市場狀態: closed

代碼     名稱               成交       昨收      漲跌     漲跌幅        成交量     PE     殖利率
-------------------------------------------------------------------------------------
2753   八方雲集         177.50   178.50   -1.00  -0.56%        128  13.25    6.72
1734   杏輝            31.55    31.40   +0.15  +0.48%        264  18.26    5.10
6509   聚和國際          46.75    47.20   -0.45  -0.95%       1340  14.52    2.95
2834   臺企銀           18.15    18.00   +0.15  +0.83%      44056  13.74    5.56
3479   安勤           147.00   156.50   -9.50  -6.07%       2774  23.05    2.95
6412   群電            81.90    81.30   +0.60  +0.74%        440  15.63    4.55
2241   艾姆勒           34.00    35.00   -1.00  -2.86%       1045               
4977   眾達-KY        133.00   139.00   -6.00  -4.32%       4096  30.82    1.57
6472   保瑞           396.50   392.50   +4.00  +1.02%        417  31.10    2.55
6409   旭隼           999.00  1015.00  -16.00  -1.58%        552  29.07    3.62
6515   穎崴          6385.00  6295.00  +90.00  +1.43%        161 129.00    0.79
✅ SQLite 同步寫入: /var/repo/tw-stock-research/data/tw_stock.db

⚠️ z 無最新成交者採最佳買一／OHLC 估算：2753:best_bid_estimate, 1734:best_bid_estimate, 6509:best_bid_estimate, 2834:best_bid_estimate, 3479:best_bid_estimate, 6412:best_bid_estimate, 2241:best_bid_estimate, 6472:best_bid_estimate, 6409:best_bid_estimate, 6515:best_bid_estimate
   執行以券商即時成交為準；無有效價格者不計算漲跌幅。
✅ 歷史記錄已寫入: /var/repo/tw-stock-research/price-history/daily-prices.csv
   總筆數: 35 (含表頭)
📊 Quinn 收盤價記錄器 (機械抓取 — 純資料, 無分析)
   監控標的: 11 支
   當下時間: 2026-07-28 13:30:01
   市場狀態: closed

代碼     名稱               成交       昨收      漲跌     漲跌幅        成交量     PE     殖利率
-------------------------------------------------------------------------------------
2753   八方雲集         176.50   177.50   -1.00  -0.56%        169  13.18    6.76
1734   杏輝            31.85    31.55   +0.30  +0.95%        479  18.34    5.07
6509   聚和國際          44.10    46.75   -2.65  -5.67%       2121  14.38    2.98
2834   臺企銀           18.05    18.20   -0.15  -0.82%      39012  13.89    5.49
3479   安勤           137.00   147.50  -10.50  -7.12%       1822  21.72    3.13
6412   群電            78.70    82.00   -3.30  -4.02%        980  15.77    4.51
2241   艾姆勒           31.50    34.00   -2.50  -7.35%        618               
4977   眾達-KY        124.00   133.50   -9.50  -7.12%       3029  29.60    1.63
6472   保瑞           378.50   396.50  -18.00  -4.54%        598  31.42    2.52
6409   旭隼           930.00  1000.00  -70.00  -7.00%        348  28.65    3.68
6515   穎崴          5910.00  6395.00 -485.00  -7.58%        210 131.05    0.77
✅ SQLite 同步寫入: /var/repo/tw-stock-research/data/tw_stock.db

⚠️ z 無最新成交者採最佳買一／OHLC 估算：2753:best_bid_estimate, 1734:best_bid_estimate, 6509:best_bid_estimate, 2834:best_bid_estimate, 3479:best_bid_estimate, 6412:best_bid_estimate, 2241:best_bid_estimate, 4977:best_bid_estimate, 6472:best_bid_estimate, 6409:best_bid_estimate, 6515:best_bid_estimate
   執行以券商即時成交為準；無有效價格者不計算漲跌幅。
✅ 歷史記錄已寫入: /var/repo/tw-stock-research/price-history/daily-prices.csv
   總筆數: 46 (含表頭)
📊 Quinn 收盤價記錄器 (機械抓取 — 純資料, 無分析)
   監控標的: 11 支
   當下時間: 2026-07-29 13:30:02
   市場狀態: closed

代碼     名稱               成交       昨收      漲跌     漲跌幅        成交量     PE     殖利率
-------------------------------------------------------------------------------------
2753   八方雲集         175.50   177.00   -1.50  -0.85%        344  13.14    6.78
1734   杏輝            31.95    31.85   +0.10  +0.31%        568  18.52    5.02
6509   聚和國際          42.50    44.10   -1.60  -3.63%       2348  13.57    3.16
2834   臺企銀           17.90    18.10   -0.20  -1.10%      62717  13.82    5.52
3479   安勤           139.50   138.00   +1.50  +1.09%       2250  20.32    3.35
6412   群電            77.50    78.70   -1.20  -1.52%       1333  15.13    4.70
2241   艾姆勒           30.50    31.50   -1.00  -3.17%       1154               
4977   眾達-KY        123.00   124.00   -1.00  -0.81%       2171  27.49    1.76
6472   保瑞           378.00   378.50   -0.50  -0.13%        852  29.99    2.64
6409   旭隼           930.00   930.00   +0.00  +0.00%        690  26.64    3.95
6515   穎崴          5415.00  5935.00 -520.00  -8.76%        589 121.62    0.83
✅ SQLite 同步寫入: /var/repo/tw-stock-research/data/tw_stock.db

⚠️ z 無最新成交者採最佳買一／OHLC 估算：2753:best_bid_estimate, 1734:best_bid_estimate, 3479:best_bid_estimate, 6412:best_bid_estimate, 2241:best_bid_estimate, 4977:indicative_ohlc, 6472:best_bid_estimate, 6409:best_bid_estimate
   執行以券商即時成交為準；無有效價格者不計算漲跌幅。
✅ 歷史記錄已寫入: /var/repo/tw-stock-research/price-history/daily-prices.csv
   總筆數: 57 (含表頭)
📊 Quinn 收盤價記錄器 (機械抓取 — 純資料, 無分析)
   監控標的: 11 支
   當下時間: 2026-07-30 13:30:01
   市場狀態: closed

代碼     名稱               成交       昨收      漲跌     漲跌幅        成交量     PE     殖利率
-------------------------------------------------------------------------------------
2753   八方雲集         178.50   176.00   +2.50  +1.42%        420  13.07    6.82
1734   杏輝            31.65    31.95   -0.30  -0.94%        321  18.58    5.01
6509   聚和國際          41.30    41.10   +0.20  +0.49%       1112  13.08    3.28
2834   臺企銀           18.10    17.95   +0.15  +0.84%      49673  13.70    5.57
3479   安勤           126.50   139.50  -13.00  -9.32%       2624  20.54    3.31
6412   群電            75.30    77.50   -2.20  -2.84%       1147  14.90    4.77
2241   艾姆勒           30.45    30.50   -0.05  -0.16%        635               
4977   眾達-KY        106.00   112.00   -6.00  -5.36%       2254  24.83    1.95
6472   保瑞           384.00   378.00   +6.00  +1.59%        811  29.95    2.65
6409   旭隼           889.00   923.00  -34.00  -3.68%        524  26.44    3.98
6515   穎崴          5290.00  5415.00 -125.00  -2.31%        521 110.96    0.91
✅ SQLite 同步寫入: /var/repo/tw-stock-research/data/tw_stock.db

⚠️ z 無最新成交者採最佳買一／OHLC 估算：2753:best_bid_estimate, 1734:best_bid_estimate, 6509:best_bid_estimate, 3479:best_bid_estimate, 6412:best_bid_estimate, 2241:best_bid_estimate, 6472:best_bid_estimate, 6409:best_bid_estimate, 6515:best_bid_estimate
   執行以券商即時成交為準；無有效價格者不計算漲跌幅。
✅ 歷史記錄已寫入: /var/repo/tw-stock-research/price-history/daily-prices.csv
   總筆數: 68 (含表頭)
📊 Quinn 收盤價記錄器 (機械抓取 — 純資料, 無分析)
   監控標的: 11 支
   當下時間: 2026-07-31 13:30:01
   市場狀態: closed

代碼     名稱               成交       昨收      漲跌     漲跌幅        成交量     PE     殖利率
-------------------------------------------------------------------------------------
2753   八方雲集         179.50   179.00   +0.50  +0.28%        458  13.29    6.70
1734   杏輝            31.70    31.70   +0.00  +0.00%        370  18.43    5.05
6509   聚和國際          42.90    41.20   +1.70  +4.13%       1299  12.68    3.38
2834   臺企銀           18.15    18.10   +0.05  +0.28%      70810  13.82    5.52
3479   安勤           130.00   127.00   +3.00  +2.36%       1700  18.70    3.64
6412   群電            76.80    75.40   +1.40  +1.86%       1518  14.50    4.91
2241   艾姆勒           31.10    30.45   +0.65  +2.13%        641               
4977   眾達-KY        117.00   106.50  +10.50  +9.86%       1364  23.61    2.05
6472   保瑞           381.00   374.00   +7.00  +1.87%        389  30.43    2.60
6409   旭隼           957.00   888.00  +69.00  +7.77%        339  25.44    4.14
6515   穎崴          5815.00  5290.00 +525.00  +9.92%        178 108.40    0.93
✅ SQLite 同步寫入: /var/repo/tw-stock-research/data/tw_stock.db

⚠️ z 無最新成交者採最佳買一／OHLC 估算：2753:best_bid_estimate, 1734:best_bid_estimate, 6509:best_bid_estimate, 2834:best_bid_estimate, 3479:best_bid_estimate, 2241:best_bid_estimate, 4977:best_bid_estimate, 6472:best_bid_estimate, 6409:best_bid_estimate, 6515:best_bid_estimate
   執行以券商即時成交為準；無有效價格者不計算漲跌幅。
✅ 歷史記錄已寫入: /var/repo/tw-stock-research/price-history/daily-prices.csv
   總筆數: 79 (含表頭)
📊 Quinn 收盤價記錄器 (機械抓取 — 純資料, 無分析)
   監控標的: 11 支
   當下時間: 2026-08-03 13:30:02
   市場狀態: closed

代碼     名稱               成交       昨收      漲跌     漲跌幅        成交量     PE     殖利率
-------------------------------------------------------------------------------------
2753   八方雲集         179.50   181.50   -2.00  -1.10%        245  13.47    6.61
1734   杏輝            31.65    31.70   -0.05  -0.16%        258  18.43    5.05
6509   聚和國際          43.70    42.95   +0.75  +1.75%        857  13.22    3.24
2834   臺企銀           18.20    18.20   +0.00  +0.00%      75557  13.89    5.49
3479   安勤           133.00   130.50   +2.50  +1.92%       1376  19.22    3.54
6412   群電            78.60    76.50   +2.10  +2.75%       1100  14.71    4.84
2241   艾姆勒           32.75    31.10   +1.65  +5.31%        669               
4977   眾達-KY        121.00   117.00   +4.00  +3.42%       2321  25.94    1.86
6472   保瑞           396.00   382.50  +13.50  +3.53%        394  30.31    2.61
6409   旭隼           931.00   957.00  -26.00  -2.72%        272  27.41    3.84
6515   穎崴          6265.00  5815.00 +450.00  +7.74%        404 119.16    0.85
✅ SQLite 同步寫入: /var/repo/tw-stock-research/data/tw_stock.db

⚠️ z 無最新成交者採最佳買一／OHLC 估算：1734:best_bid_estimate, 3479:best_bid_estimate, 6412:best_bid_estimate, 2241:best_bid_estimate, 4977:best_bid_estimate, 6472:best_bid_estimate, 6409:best_bid_estimate, 6515:best_bid_estimate
   執行以券商即時成交為準；無有效價格者不計算漲跌幅。
✅ 歷史記錄已寫入: /var/repo/tw-stock-research/price-history/daily-prices.csv
   總筆數: 90 (含表頭)
📊 Quinn 收盤價記錄器 (機械抓取 — 純資料, 無分析)
   監控標的: 11 支
   當下時間: 2026-08-04 13:30:01
   市場狀態: closed

代碼     名稱               成交       昨收      漲跌     漲跌幅        成交量     PE     殖利率
-------------------------------------------------------------------------------------
2753   八方雲集         178.00   179.50   -1.50  -0.84%        221  13.33    6.69
1734   杏輝            31.75    31.70   +0.05  +0.16%        237  18.43    5.05
6509   聚和國際          44.25    43.70   +0.55  +1.26%        520  13.45    3.19
2834   臺企銀           16.90    16.70   +0.20  +1.20%      72623  13.89    5.49
3479   安勤           133.50   133.50   +0.00  +0.00%        949  19.66    3.46
6412   群電            81.80    78.70   +3.10  +3.94%       1355  15.13    4.70
2241   艾姆勒           34.55    32.60   +1.95  +5.98%       1053               
4977   眾達-KY        130.50   121.50   +9.00  +7.41%       3112  26.94    1.79
6472   保瑞           392.00   396.50   -4.50  -1.13%        366  31.42    2.52
6409   旭隼           940.00   934.00   +6.00  +0.64%        266  26.75    3.94
6515   穎崴          6590.00  6250.00 +340.00  +5.44%        271 128.07    0.79
✅ SQLite 同步寫入: /var/repo/tw-stock-research/data/tw_stock.db

⚠️ z 無最新成交者採最佳買一／OHLC 估算：2753:best_bid_estimate, 1734:best_bid_estimate, 2834:best_bid_estimate, 3479:best_bid_estimate, 6412:best_bid_estimate, 2241:best_bid_estimate, 4977:best_bid_estimate, 6472:best_bid_estimate, 6409:best_bid_estimate, 6515:best_bid_estimate
   執行以券商即時成交為準；無有效價格者不計算漲跌幅。
✅ 歷史記錄已寫入: /var/repo/tw-stock-research/price-history/daily-prices.csv
   總筆數: 101 (含表頭)
📊 Quinn 收盤價記錄器 (機械抓取 — 純資料, 無分析)
   監控標的: 11 支
   當下時間: 2026-08-05 13:30:01
   市場狀態: closed

代碼     名稱               成交       昨收      漲跌     漲跌幅        成交量     PE     殖利率
-------------------------------------------------------------------------------------
2753   八方雲集         178.50   178.50   +0.00  +0.00%        119  13.25    6.72
1734   杏輝            31.70    31.75   -0.05  -0.16%        338  18.46    5.04
6509   聚和國際          45.85    44.25   +1.60  +3.62%        986  13.62    3.15
2834   臺企銀           16.80    16.90   -0.10  -0.59%      41637  12.90    5.92
3479   安勤           140.00   133.50   +6.50  +4.87%       1950  19.66    3.46
6412   群電            78.60    81.80   -3.20  -3.91%       2895  13.48    4.52
2241   艾姆勒           35.25    34.60   +0.65  +1.88%       1310               
4977   眾達-KY        142.00   131.00  +11.00  +8.40%       4878  29.05    1.66
6472   保瑞           423.50   392.00  +31.50  +8.04%       1464  31.06    2.55
6409   旭隼           963.00   941.00  +22.00  +2.34%        304  26.96    3.91
6515   穎崴          6885.00  6575.00 +310.00  +4.71%        442 134.73    0.75
✅ SQLite 同步寫入: /var/repo/tw-stock-research/data/tw_stock.db

⚠️ z 無最新成交者採最佳買一／OHLC 估算：2753:best_bid_estimate, 1734:best_bid_estimate, 6509:best_bid_estimate, 6412:best_bid_estimate, 2241:best_bid_estimate, 4977:best_bid_estimate, 6472:best_bid_estimate, 6409:best_bid_estimate, 6515:best_bid_estimate
   執行以券商即時成交為準；無有效價格者不計算漲跌幅。
✅ 歷史記錄已寫入: /var/repo/tw-stock-research/price-history/daily-prices.csv
   總筆數: 112 (含表頭)
📊 Quinn 收盤價記錄器 (機械抓取 — 純資料, 無分析)
   監控標的: 11 支
   當下時間: 2026-08-06 13:30:01
   市場狀態: closed

代碼     名稱               成交       昨收      漲跌     漲跌幅        成交量     PE     殖利率
-------------------------------------------------------------------------------------
2753   八方雲集         179.00   179.00   +0.00  +0.00%         87  13.29    6.70
1734   杏輝            31.70    31.70   +0.00  +0.00%        131  18.43    5.05
6509   聚和國際          46.95    45.85   +1.10  +2.40%       1237  14.11    3.04
2834   臺企銀           16.60    16.75   -0.15  -0.90%      36675  12.79    5.97
3479   安勤           140.50   140.00   +0.50  +0.36%       1418  20.62    3.30
6412   群電            78.90    78.60   +0.30  +0.38%       1139  12.95    4.71
2241   艾姆勒           35.10    35.30   -0.20  -0.57%       2088               
4977   眾達-KY        138.50   142.50   -4.00  -2.81%       3251  31.60    1.53
6472   保瑞           418.50   424.50   -6.00  -1.41%        747  33.64    2.36
6409   旭隼          1005.00   963.00  +42.00  +4.36%        483  27.59    3.82
6515   穎崴          6775.00  6885.00 -110.00  -1.60%        440 141.09    0.72
✅ SQLite 同步寫入: /var/repo/tw-stock-research/data/tw_stock.db

⚠️ z 無最新成交者採最佳買一／OHLC 估算：2753:best_bid_estimate, 1734:best_bid_estimate, 6509:best_bid_estimate, 3479:best_bid_estimate, 6412:best_bid_estimate, 2241:best_bid_estimate, 6472:best_bid_estimate, 6409:best_bid_estimate, 6515:best_bid_estimate
   執行以券商即時成交為準；無有效價格者不計算漲跌幅。
✅ 歷史記錄已寫入: /var/repo/tw-stock-research/price-history/daily-prices.csv
   總筆數: 123 (含表頭)
📊 Quinn 收盤價記錄器 (機械抓取 — 純資料, 無分析)
   監控標的: 11 支
   當下時間: 2026-08-07 13:30:01
   市場狀態: closed

代碼     名稱               成交       昨收      漲跌     漲跌幅        成交量     PE     殖利率
-------------------------------------------------------------------------------------
2753   八方雲集         181.00   179.50   +1.50  +0.84%        219  13.33    6.69
1734   杏輝            31.75    31.70   +0.05  +0.16%        109  18.43    5.05
6509   聚和國際          47.50    47.00   +0.50  +1.06%       1084  14.46    2.97
2834   臺企銀           16.50    16.55   -0.05  -0.30%      29907  12.63    6.04
3479   安勤           138.00   141.00   -3.00  -2.13%       1104  20.77    3.28
6412   群電            78.10    78.90   -0.80  -1.01%        679  13.00    4.69
2241   艾姆勒           32.65    35.10   -2.45  -6.98%       1267               
4977   眾達-KY        133.50   138.50   -5.00  -3.61%       1947  30.71    1.57
6472   保瑞           417.50   418.50   -1.00  -0.24%        716  33.16    2.39
6409   旭隼          1010.00  1010.00   +0.00  +0.00%        631  28.93    3.64
6515   穎崴          6730.00  6775.00  -45.00  -0.66%        391 138.83    0.73
✅ SQLite 同步寫入: /var/repo/tw-stock-research/data/tw_stock.db

⚠️ z 無最新成交者採最佳買一／OHLC 估算：2753:best_bid_estimate, 1734:best_bid_estimate, 6509:best_bid_estimate, 2834:best_bid_estimate, 3479:best_bid_estimate, 6412:best_bid_estimate, 2241:best_bid_estimate, 4977:best_bid_estimate, 6472:best_bid_estimate, 6409:best_bid_estimate, 6515:best_bid_estimate
   執行以券商即時成交為準；無有效價格者不計算漲跌幅。
✅ 歷史記錄已寫入: /var/repo/tw-stock-research/price-history/daily-prices.csv
   總筆數: 134 (含表頭)
📊 Quinn 收盤價記錄器 (機械抓取 — 純資料, 無分析)
   監控標的: 11 支
   當下時間: 2026-08-10 13:30:01
   市場狀態: closed

代碼     名稱               成交       昨收      漲跌     漲跌幅        成交量     PE     殖利率
-------------------------------------------------------------------------------------
2753   八方雲集         184.50   181.00   +3.50  +1.93%        320  13.44    6.63
1734   杏輝            31.90    31.80   +0.10  +0.31%        207  18.49    5.03
6509   聚和國際          47.70    47.50   +0.20  +0.42%       1056  14.62    2.93
2834   臺企銀           16.50    16.50   +0.00  +0.00%      24390  12.60    6.06
3479   安勤           143.00   138.50   +4.50  +3.25%        970  20.40    3.34
6412   群電            79.40    78.20   +1.20  +1.53%        705  12.88    4.73
2241   艾姆勒           32.40    32.65   -0.25  -0.77%        531               
4977   眾達-KY        144.50   133.50  +11.00  +8.24%       2926  29.60    1.63
6472   保瑞           430.50   417.50  +13.00  +3.11%        875  33.08    2.40
6409   旭隼          1040.00  1015.00  +25.00  +2.46%        594  29.07    3.62
6515   穎崴          6800.00  6760.00  +40.00  +0.59%        369 138.52    0.73
✅ SQLite 同步寫入: /var/repo/tw-stock-research/data/tw_stock.db

⚠️ z 無最新成交者採最佳買一／OHLC 估算：2753:best_bid_estimate, 1734:best_bid_estimate, 2834:best_bid_estimate, 2241:best_bid_estimate, 6472:best_bid_estimate, 6409:best_bid_estimate
   執行以券商即時成交為準；無有效價格者不計算漲跌幅。
✅ 歷史記錄已寫入: /var/repo/tw-stock-research/price-history/daily-prices.csv
   總筆數: 145 (含表頭)
📊 Quinn 收盤價記錄器 (機械抓取 — 純資料, 無分析)
   監控標的: 11 支
   當下時間: 2026-08-11 13:30:01
   市場狀態: closed

代碼     名稱               成交       昨收      漲跌     漲跌幅        成交量     PE     殖利率
-------------------------------------------------------------------------------------
2753   八方雲集         182.50   184.50   -2.00  -1.08%         95  13.70    6.50
1734   杏輝            31.55    31.90   -0.35  -1.10%        160  18.55    5.02
6509   聚和國際          47.60    47.70   -0.10  -0.21%        737  14.68    2.92
2834   臺企銀           16.35    16.50   -0.15  -0.91%      28106  12.60    6.06
3479   安勤           140.50   143.00   -2.50  -1.75%       1348  21.06    3.23
6412   群電            79.00    79.40   -0.40  -0.50%        485  13.08    4.66
2241   艾姆勒           33.15    32.60   +0.55  +1.69%        325               
4977   眾達-KY        146.00   144.50   +1.50  +1.04%       4947  32.04    1.51
6472   保瑞           423.50   431.00   -7.50  -1.74%        706  34.15    2.32
6409   旭隼          1010.00  1040.00  -30.00  -2.88%        658  29.79    3.54
6515   穎崴          6890.00  6830.00  +60.00  +0.88%        146 139.96    0.72
✅ SQLite 同步寫入: /var/repo/tw-stock-research/data/tw_stock.db

⚠️ z 無最新成交者採最佳買一／OHLC 估算：2753:best_bid_estimate, 1734:best_bid_estimate, 6509:best_bid_estimate, 2834:best_bid_estimate, 3479:best_bid_estimate, 2241:best_bid_estimate, 4977:best_bid_estimate, 6472:best_bid_estimate, 6409:best_bid_estimate, 6515:best_bid_estimate
   執行以券商即時成交為準；無有效價格者不計算漲跌幅。
✅ 歷史記錄已寫入: /var/repo/tw-stock-research/price-history/daily-prices.csv
   總筆數: 156 (含表頭)
📊 Quinn 收盤價記錄器 (機械抓取 — 純資料, 無分析)
   監控標的: 11 支
   當下時間: 2026-08-12 13:30:01
   市場狀態: closed

代碼     名稱               成交       昨收      漲跌     漲跌幅        成交量     PE     殖利率
-------------------------------------------------------------------------------------
2753   八方雲集         183.00   183.00   +0.00  +0.00%        144  13.59    6.56
1734   杏輝            31.70    31.55   +0.15  +0.48%        148  18.34    5.07
6509   聚和國際          48.45    47.70   +0.75  +1.57%        786  14.68    2.92
2834   臺企銀           16.50    16.40   +0.10  +0.61%      18432  12.52    6.10
3479   安勤           140.50   141.00   -0.50  -0.35%        510  20.77    3.28
6412   群電            79.80    78.80   +1.00  +1.27%        792  12.98    4.70
2241   艾姆勒           33.20    33.35   -0.15  -0.45%        272               
4977   眾達-KY        154.00   146.50   +7.50  +5.12%       5051  32.48    1.49
6472   保瑞           424.00   423.50   +0.50  +0.12%        670  33.56    2.36
6409   旭隼           995.00  1010.00  -15.00  -1.49%        228  39.13    3.64
6515   穎崴          7170.00  6920.00 +250.00  +3.61%        133 141.80    0.71
✅ SQLite 同步寫入: /var/repo/tw-stock-research/data/tw_stock.db

⚠️ z 無最新成交者採最佳買一／OHLC 估算：2753:best_bid_estimate, 1734:best_bid_estimate, 6509:best_bid_estimate, 3479:best_bid_estimate, 6412:best_bid_estimate, 2241:best_bid_estimate, 4977:best_bid_estimate, 6472:best_bid_estimate, 6409:best_bid_estimate, 6515:best_bid_estimate
   執行以券商即時成交為準；無有效價格者不計算漲跌幅。
✅ 歷史記錄已寫入: /var/repo/tw-stock-research/price-history/daily-prices.csv
   總筆數: 167 (含表頭)
📊 Quinn 收盤價記錄器 (機械抓取 — 純資料, 無分析)
   監控標的: 11 支
   當下時間: 2026-08-13 13:30:01
   市場狀態: closed

代碼     名稱               成交       昨收      漲跌     漲跌幅        成交量     PE     殖利率
-------------------------------------------------------------------------------------
2753   八方雲集         182.00   183.00   -1.00  -0.55%        241  13.59    6.56
1734   杏輝            31.85    31.70   +0.15  +0.47%        154  18.43    5.05
6509   聚和國際          48.90    48.50   +0.40  +0.82%       1254  14.92    2.87
2834   臺企銀           16.40    16.50   -0.10  -0.61%      40043  12.60    6.06
3479   安勤           139.50   140.50   -1.00  -0.71%        677  20.69    3.29
6412   群電            79.50    79.80   -0.30  -0.38%        654  13.15    4.64
2241   艾姆勒           33.30    33.25   +0.05  +0.15%        455               
4977   眾達-KY        151.50   154.00   -2.50  -1.62%       3974  34.15    1.42
6472   保瑞           421.50   424.00   -2.50  -0.59%        378  33.60    2.36
6409   旭隼           971.00   995.00  -24.00  -2.41%        403  38.55    3.70
6515   穎崴          6740.00  7170.00 -430.00  -6.00%        694 146.93    0.69
✅ SQLite 同步寫入: /var/repo/tw-stock-research/data/tw_stock.db

⚠️ z 無最新成交者採最佳買一／OHLC 估算：2753:best_bid_estimate, 1734:best_bid_estimate, 2834:best_bid_estimate, 3479:best_bid_estimate, 6412:best_bid_estimate, 2241:best_bid_estimate, 4977:best_bid_estimate, 6409:best_bid_estimate, 6515:best_bid_estimate
   執行以券商即時成交為準；無有效價格者不計算漲跌幅。
✅ 歷史記錄已寫入: /var/repo/tw-stock-research/price-history/daily-prices.csv
   總筆數: 178 (含表頭)
📊 Quinn 收盤價記錄器 (機械抓取 — 純資料, 無分析)
   監控標的: 11 支
   當下時間: 2026-08-14 13:30:01
   市場狀態: closed

代碼     名稱               成交       昨收      漲跌     漲跌幅        成交量     PE     殖利率
-------------------------------------------------------------------------------------
2753   八方雲集         182.00   182.50   -0.50  -0.27%        153  13.55    6.58
1734   杏輝            31.75    31.85   -0.10  -0.31%        372  18.52    5.02
6509   聚和國際          47.40    49.00   -1.60  -3.27%       1375  15.08    2.84
2834   臺企銀           16.25    16.45   -0.20  -1.22%      29220  12.56    6.08
3479   安勤           129.50   139.50  -10.00  -7.17%       2732  20.54    3.31
6412   群電            79.00    79.60   -0.60  -0.75%        672  13.11    4.65
2241   艾姆勒           32.75    33.30   -0.55  -1.65%        250               
4977   眾達-KY        143.50   151.50   -8.00  -5.28%       1722  33.59    1.44
6472   保瑞           408.50   422.00  -13.50  -3.20%        765  34.79    2.37
6409   旭隼          1015.00   972.00  +43.00  +4.42%        474  37.66    3.78
6515   穎崴          6740.00  6745.00   -5.00  -0.07%        575 110.43    0.73
✅ SQLite 同步寫入: /var/repo/tw-stock-research/data/tw_stock.db

⚠️ z 無最新成交者採最佳買一／OHLC 估算：2753:best_bid_estimate, 1734:best_bid_estimate, 6509:best_bid_estimate, 2834:best_bid_estimate, 3479:best_bid_estimate, 6412:best_bid_estimate, 2241:best_bid_estimate, 4977:best_bid_estimate, 6472:best_bid_estimate, 6409:best_bid_estimate, 6515:best_bid_estimate
   執行以券商即時成交為準；無有效價格者不計算漲跌幅。
✅ 歷史記錄已寫入: /var/repo/tw-stock-research/price-history/daily-prices.csv
   總筆數: 189 (含表頭)
📊 Quinn 收盤價記錄器 (機械抓取 — 純資料, 無分析)
   監控標的: 11 支
   當下時間: 2026-08-17 13:30:01
   市場狀態: closed

代碼     名稱               成交       昨收      漲跌     漲跌幅        成交量     PE     殖利率
-------------------------------------------------------------------------------------
2753   八方雲集         182.50   182.50   +0.00  +0.00%        104  13.01    6.58
1734   杏輝            31.65    31.75   -0.10  -0.31%         83  17.16    5.04
6509   聚和國際          46.65    47.40   -0.75  -1.58%        660  13.09    2.94
2834   臺企銀           16.25    16.30   -0.05  -0.31%      19303  12.44    6.13
3479   安勤           129.00   129.50   -0.50  -0.39%        525  17.76    3.57
6412   群電            78.70    79.10   -0.40  -0.51%        328  13.03    4.68
2241   艾姆勒           32.00    32.75   -0.75  -2.29%        358               
4977   眾達-KY        158.00   144.00  +14.00  +9.72%       3098  31.93    1.51
6472   保瑞           416.00   409.00   +7.00  +1.71%        355  33.72    2.44
6409   旭隼           983.00  1015.00  -32.00  -3.15%        355  39.33    3.62
6515   穎崴          6600.00  6750.00 -150.00  -2.22%        379 110.51    0.73
✅ SQLite 同步寫入: /var/repo/tw-stock-research/data/tw_stock.db

⚠️ z 無最新成交者採最佳買一／OHLC 估算：2753:best_bid_estimate, 1734:best_bid_estimate, 6509:best_bid_estimate, 2834:best_bid_estimate, 3479:best_bid_estimate, 6412:best_bid_estimate, 2241:best_bid_estimate, 4977:best_bid_estimate, 6472:best_bid_estimate, 6409:best_bid_estimate, 6515:best_bid_estimate
   執行以券商即時成交為準；無有效價格者不計算漲跌幅。
✅ 歷史記錄已寫入: /var/repo/tw-stock-research/price-history/daily-prices.csv
   總筆數: 200 (含表頭)
📊 Quinn 收盤價記錄器 (機械抓取 — 純資料, 無分析)
   監控標的: 11 支
   當下時間: 2026-08-18 13:30:01
   市場狀態: closed

代碼     名稱               成交       昨收      漲跌     漲跌幅        成交量     PE     殖利率
-------------------------------------------------------------------------------------
2753   八方雲集         182.00   183.00   -1.00  -0.55%         80  13.04    6.56
1734   杏輝            31.65    31.65   +0.00  +0.00%        132  17.11    5.06
6509   聚和國際          46.20    46.75   -0.55  -1.18%        696  12.91    2.98
2834   臺企銀           16.45    16.30   +0.15  +0.92%      22479  12.44    6.13
3479   安勤           127.50   129.50   -2.00  -1.54%        379  17.76    3.57
6412   群電            76.90    78.70   -1.80  -2.29%        701  12.97    4.70
2241   艾姆勒           31.90    32.00   -0.10  -0.31%        194               
4977   眾達-KY        151.00   158.00   -7.00  -4.43%       4171  35.03    1.38
6472   保瑞           404.00   416.00  -12.00  -2.88%        360  34.30    2.40
6409   旭隼          1060.00   983.00  +77.00  +7.83%       1023  38.09    3.74
6515   穎崴          6285.00  6610.00 -325.00  -4.92%        375 108.22    0.75
✅ SQLite 同步寫入: /var/repo/tw-stock-research/data/tw_stock.db

⚠️ z 無最新成交者採最佳買一／OHLC 估算：2753:best_bid_estimate, 1734:best_bid_estimate, 2834:best_bid_estimate, 3479:best_bid_estimate, 6412:best_bid_estimate, 2241:best_bid_estimate, 4977:best_bid_estimate, 6472:best_bid_estimate, 6409:best_bid_estimate, 6515:best_bid_estimate
   執行以券商即時成交為準；無有效價格者不計算漲跌幅。
✅ 歷史記錄已寫入: /var/repo/tw-stock-research/price-history/daily-prices.csv
   總筆數: 211 (含表頭)
📊 Quinn 收盤價記錄器 (機械抓取 — 純資料, 無分析)
   監控標的: 11 支
   當下時間: 2026-08-19 13:30:01
   市場狀態: closed

代碼     名稱               成交       昨收      漲跌     漲跌幅        成交量     PE     殖利率
-------------------------------------------------------------------------------------
2753 八方雲集: 無報價資料
1734 杏輝: 無報價資料
6509 聚和國際: 無報價資料
2834 臺企銀: 無報價資料
3479 安勤: 無報價資料
6412 群電: 無報價資料
2241   艾姆勒           34.45    31.90   +2.55  +7.99%       1323               
4977   眾達-KY        144.50   151.00   -6.50  -4.30%       1708  33.48    1.44
6472   保瑞           404.50   404.50   +0.00  +0.00%        317  33.35    2.47
6409 旭隼: 無報價資料
6515   穎崴          6370.00  6315.00  +55.00  +0.87%        311 103.39    0.78
✅ SQLite 同步寫入: /var/repo/tw-stock-research/data/tw_stock.db

⚠️ z 無最新成交者採最佳買一／OHLC 估算：2241:best_bid_estimate, 4977:best_bid_estimate, 6472:best_bid_estimate, 6515:best_bid_estimate
   執行以券商即時成交為準；無有效價格者不計算漲跌幅。
✅ 歷史記錄已寫入: /var/repo/tw-stock-research/price-history/daily-prices.csv
   總筆數: 215 (含表頭)
📊 Quinn 收盤價記錄器 (機械抓取 — 純資料, 無分析)
   監控標的: 11 支
   當下時間: 2026-08-20 13:30:01
   市場狀態: closed

代碼     名稱               成交       昨收      漲跌     漲跌幅        成交量     PE     殖利率
-------------------------------------------------------------------------------------
2753   八方雲集         186.50   185.00   +1.50  +0.81%        124  13.19    6.49
1734   杏輝            32.45    32.00   +0.45  +1.41%        339  17.30    5.00
6509   聚和國際          46.95    45.85   +1.10  +2.40%        832  12.67    3.04
2834   臺企銀           16.50    16.40   +0.10  +0.61%      16946  12.52    6.10
3479   安勤           129.50   131.00   -1.50  -1.15%        403  17.97    3.53
6412   群電            78.50    77.00   +1.50  +1.95%        544  12.69    4.81
2241   艾姆勒           33.55    34.55   -1.00  -2.89%        629               
4977   眾達-KY        156.00   145.00  +11.00  +7.59%       4293  32.15    1.50
6472   保瑞           445.00   405.00  +40.00  +9.88%       2630  33.39    2.47
6409   旭隼          1035.00  1030.00   +5.00  +0.49%        462  39.91    3.57
6515   穎崴          6355.00  6370.00  -15.00  -0.24%        136 104.29    0.78
✅ SQLite 同步寫入: /var/repo/tw-stock-research/data/tw_stock.db

⚠️ z 無最新成交者採最佳買一／OHLC 估算：2753:best_bid_estimate, 1734:best_bid_estimate, 6509:best_bid_estimate, 2834:best_bid_estimate, 3479:best_bid_estimate, 2241:best_bid_estimate, 4977:best_bid_estimate, 6472:best_bid_estimate, 6409:best_bid_estimate, 6515:best_bid_estimate
   執行以券商即時成交為準；無有效價格者不計算漲跌幅。
✅ 歷史記錄已寫入: /var/repo/tw-stock-research/price-history/daily-prices.csv
   總筆數: 226 (含表頭)
📊 Quinn 收盤價記錄器 (機械抓取 — 純資料, 無分析)
   監控標的: 11 支
   當下時間: 2026-08-21 13:30:01
   市場狀態: closed

代碼     名稱               成交       昨收      漲跌     漲跌幅        成交量     PE     殖利率
-------------------------------------------------------------------------------------
2753   八方雲集         187.50   186.50   +1.00  +0.54%        226  13.29    6.43
1734   杏輝            32.45    32.50   -0.05  -0.15%        158  17.57    4.92
6509   聚和國際          46.05    47.00   -0.95  -2.02%        693  12.98    2.97
2834   臺企銀           16.50    16.55   -0.05  -0.30%      25224  12.63    6.04
3479   安勤           127.50   130.00   -2.50  -1.92%        397  17.83    3.56
6412   群電            77.90    78.40   -0.50  -0.64%        269  12.92    4.72
2241   艾姆勒           35.10    33.55   +1.55  +4.62%        742               
4977   眾達-KY        150.00   156.50   -6.50  -4.15%       5661  34.70    1.39
6472   保瑞           455.00   445.50   +9.50  +2.13%       2873  36.73    2.24
6409   旭隼           995.00  1040.00  -45.00  -4.33%        359  40.29    3.54
6515   穎崴          6400.00  6380.00  +20.00  +0.31%        197 104.45    0.77
✅ SQLite 同步寫入: /var/repo/tw-stock-research/data/tw_stock.db

⚠️ z 無最新成交者採最佳買一／OHLC 估算：2753:best_bid_estimate, 1734:best_bid_estimate, 6509:best_bid_estimate, 2834:best_bid_estimate, 3479:best_bid_estimate, 6412:best_bid_estimate, 2241:best_bid_estimate, 4977:best_bid_estimate, 6472:best_bid_estimate, 6409:best_bid_estimate
   執行以券商即時成交為準；無有效價格者不計算漲跌幅。
✅ 歷史記錄已寫入: /var/repo/tw-stock-research/price-history/daily-prices.csv
   總筆數: 237 (含表頭)
📊 Quinn 收盤價記錄器 (機械抓取 — 純資料, 無分析)
   監控標的: 11 支
   當下時間: 2026-08-24 13:30:01
   市場狀態: closed

代碼     名稱               成交       昨收      漲跌     漲跌幅        成交量     PE     殖利率
-------------------------------------------------------------------------------------
2753   八方雲集         188.00   188.00   +0.00  +0.00%        234  13.40    6.38
1734   杏輝            32.55    32.50   +0.05  +0.15%        165  17.57    4.92
6509   聚和國際          45.05    46.10   -1.05  -2.28%        819  12.73    3.02
2834   臺企銀           16.40    16.55   -0.15  -0.91%      24380  12.63    6.04
3479   安勤           128.00   127.50   +0.50  +0.39%        310  17.49    3.63
6412   群電            77.70    78.00   -0.30  -0.38%        221  12.85    4.74
2241   艾姆勒           33.90    35.10   -1.20  -3.42%        644               
4977   眾達-KY        145.00   150.50   -5.50  -3.65%       2055  33.37    1.45
6472   保瑞           452.50   455.00   -2.50  -0.55%       1953  37.51    2.20
6409   旭隼          1010.00   995.00  +15.00  +1.51%        170  38.55    3.70
6515   穎崴          6140.00  6400.00 -260.00  -4.06%        133 104.78    0.77
✅ SQLite 同步寫入: /var/repo/tw-stock-research/data/tw_stock.db

⚠️ z 無最新成交者採最佳買一／OHLC 估算：2753:best_bid_estimate, 1734:best_bid_estimate, 6509:best_bid_estimate, 3479:best_bid_estimate, 6412:best_bid_estimate, 2241:best_bid_estimate, 4977:best_bid_estimate, 6472:best_bid_estimate, 6409:best_bid_estimate, 6515:best_bid_estimate
   執行以券商即時成交為準；無有效價格者不計算漲跌幅。
✅ 歷史記錄已寫入: /var/repo/tw-stock-research/price-history/daily-prices.csv
   總筆數: 248 (含表頭)
📊 Quinn 收盤價記錄器 (機械抓取 — 純資料, 無分析)
   監控標的: 11 支
   當下時間: 2026-08-25 13:30:01
   市場狀態: closed

代碼     名稱               成交       昨收      漲跌     漲跌幅        成交量     PE     殖利率
-------------------------------------------------------------------------------------
2753 八方雲集: 無報價資料
1734 杏輝: 無報價資料
6509 聚和國際: 無報價資料
2834 臺企銀: 無報價資料
3479 安勤: 無報價資料
6412 群電: 無報價資料
2241   艾姆勒           34.15    33.90   +0.25  +0.74%        292               
4977   眾達-KY        155.00   145.00  +10.00  +6.90%       3042  32.15    1.50
6472   保瑞           469.50   453.00  +16.50  +3.64%       3105  37.35    2.21
6409   旭隼          1015.00  1010.00   +5.00  +0.50%        131  39.13    3.64
6515   穎崴          6220.00  6145.00  +75.00  +1.22%        203 100.61    0.80
✅ SQLite 同步寫入: /var/repo/tw-stock-research/data/tw_stock.db

⚠️ z 無最新成交者採最佳買一／OHLC 估算：2241:best_bid_estimate, 4977:best_bid_estimate, 6472:best_bid_estimate, 6409:best_bid_estimate, 6515:best_bid_estimate
   執行以券商即時成交為準；無有效價格者不計算漲跌幅。
✅ 歷史記錄已寫入: /var/repo/tw-stock-research/price-history/daily-prices.csv
   總筆數: 253 (含表頭)
📊 Quinn 收盤價記錄器 (機械抓取 — 純資料, 無分析)
   監控標的: 11 支
   當下時間: 2026-08-26 13:30:01
   市場狀態: closed

代碼     名稱               成交       昨收      漲跌     漲跌幅        成交量     PE     殖利率
-------------------------------------------------------------------------------------
2753   八方雲集         179.00   179.50   -0.50  -0.28%        195  13.44    6.37
1734   杏輝            32.50    32.45   +0.05  +0.15%        391  17.54    4.93
6509   聚和國際          45.40    44.80   +0.60  +1.34%        506  12.38    3.11
2834   臺企銀           16.45    16.35   +0.10  +0.61%      34121  12.48    6.12
3479   安勤           130.50   131.00   -0.50  -0.38%        370  17.97    3.53
6412   群電            78.00    77.60   +0.40  +0.52%        432  12.78    4.77
2241   艾姆勒           34.45    34.15   +0.30  +0.88%        243               
4977   眾達-KY        170.50   155.00  +15.50 +10.00%       7819  34.37    1.41
6472   保瑞           458.00   470.00  -12.00  -2.55%       1757  38.75    2.13
6409   旭隼          1030.00  1020.00  +10.00  +0.98%        509  39.52    3.60
6515   穎崴          6025.00  6255.00 -230.00  -3.68%        351 102.41    0.79
✅ SQLite 同步寫入: /var/repo/tw-stock-research/data/tw_stock.db

⚠️ z 無最新成交者採最佳買一／OHLC 估算：2753:best_bid_estimate, 1734:best_bid_estimate, 6509:best_bid_estimate, 2834:best_bid_estimate, 3479:best_bid_estimate, 6412:best_bid_estimate, 2241:best_bid_estimate, 4977:best_bid_estimate, 6409:best_bid_estimate, 6515:best_bid_estimate
   執行以券商即時成交為準；無有效價格者不計算漲跌幅。
✅ 歷史記錄已寫入: /var/repo/tw-stock-research/price-history/daily-prices.csv
   總筆數: 264 (含表頭)
📊 Quinn 收盤價記錄器 (機械抓取 — 純資料, 無分析)
   監控標的: 11 支
   當下時間: 2026-08-27 13:30:02
   市場狀態: closed

[WARN] TPEx PERATIO fetch failed: <urlopen error [Errno -5] No address associated with hostname>
代碼     名稱               成交       昨收      漲跌     漲跌幅        成交量     PE     殖利率
-------------------------------------------------------------------------------------
2753   八方雲集         179.00   179.00   +0.00  +0.00%         92  12.76    6.70
1734   杏輝            30.75    30.65   +0.10  +0.33%        312  17.57    4.92
6509   聚和國際          45.45    45.40   +0.05  +0.11%        702      -       -
2834   臺企銀           16.35    16.45   -0.10  -0.61%      21050  12.10    6.08
3479   安勤           129.00   131.00   -2.00  -1.53%        345      -       -
6412   群電            78.50    78.00   +0.50  +0.64%        673  12.85    4.74
2241   艾姆勒           35.35    34.45   +0.90  +2.61%        505               
4977   眾達-KY        171.00   170.50   +0.50  +0.29%      10024  37.80    1.28
6472   保瑞           439.00   457.00  -18.00  -3.94%       1333  37.68    2.19
6409   旭隼          1040.00  1030.00  +10.00  +0.97%        420  39.91    3.57
6515   穎崴          6105.00  6025.00  +80.00  +1.33%        477  98.64    0.82
✅ SQLite 同步寫入: /var/repo/tw-stock-research/data/tw_stock.db

⚠️ z 無最新成交者採最佳買一／OHLC 估算：2753:best_bid_estimate, 1734:best_bid_estimate, 6509:best_bid_estimate, 2834:best_bid_estimate, 3479:best_bid_estimate, 6412:best_bid_estimate, 2241:best_bid_estimate, 4977:best_bid_estimate, 6472:best_bid_estimate, 6409:best_bid_estimate, 6515:best_bid_estimate
   執行以券商即時成交為準；無有效價格者不計算漲跌幅。
✅ 歷史記錄已寫入: /var/repo/tw-stock-research/price-history/daily-prices.csv
   總筆數: 275 (含表頭)
📊 Quinn 收盤價記錄器 (機械抓取 — 純資料, 無分析)
   監控標的: 11 支
   當下時間: 2026-08-28 13:30:01
   市場狀態: closed

代碼     名稱               成交       昨收      漲跌     漲跌幅        成交量     PE     殖利率
-------------------------------------------------------------------------------------
2753   八方雲集         180.00   179.00   +1.00  +0.56%         82  12.76    6.70
1734   杏輝            30.75    30.75   +0.00  +0.00%        275  16.62    5.20
6509   聚和國際          46.45    45.45   +1.00  +2.20%        835  12.56    3.07
2834   臺企銀           16.45    16.35   +0.10  +0.61%      28856  12.02    6.12
3479   安勤           129.00   129.00   +0.00  +0.00%        292  17.70    3.58
6412   群電            79.10    78.50   +0.60  +0.76%        567  12.93    4.71
2241   艾姆勒           35.30    35.35   -0.05  -0.14%        237               
4977   眾達-KY        172.00   171.50   +0.50  +0.29%       3259  51.50    1.27
6472   保瑞           435.00   439.50   -4.50  -1.02%        752  36.23    2.28
6409   旭隼          1025.00  1045.00  -20.00  -1.91%        409  40.49    3.52
6515   穎崴          6240.00  6105.00 +135.00  +2.21%        252  99.95    0.81
✅ SQLite 同步寫入: /var/repo/tw-stock-research/data/tw_stock.db

⚠️ z 無最新成交者採最佳買一／OHLC 估算：2753:best_bid_estimate, 1734:best_bid_estimate, 6509:best_bid_estimate, 2834:best_bid_estimate, 3479:best_bid_estimate, 6412:best_bid_estimate, 2241:best_bid_estimate, 4977:best_bid_estimate, 6472:best_bid_estimate, 6409:best_bid_estimate, 6515:best_bid_estimate
   執行以券商即時成交為準；無有效價格者不計算漲跌幅。
✅ 歷史記錄已寫入: /var/repo/tw-stock-research/price-history/daily-prices.csv
   總筆數: 286 (含表頭)
📊 Quinn 收盤價記錄器 (機械抓取 — 純資料, 無分析)
   監控標的: 11 支
   當下時間: 2026-08-31 13:30:01
   市場狀態: closed

代碼     名稱               成交       昨收      漲跌     漲跌幅        成交量     PE     殖利率
-------------------------------------------------------------------------------------
2753   八方雲集         181.50   180.00   +1.50  +0.83%        135  12.83    6.67
1734   杏輝            30.65    30.75   -0.10  -0.33%        131  16.62    5.20
6509   聚和國際          45.95    46.45   -0.50  -1.08%        807  12.83    3.00
2834   臺企銀           16.95    16.45   +0.50  +3.04%      88066  12.10    6.08
3479   安勤           126.50   129.00   -2.50  -1.94%        458  17.70    3.58
6412   群電            78.80    79.10   -0.30  -0.38%        604  13.03    4.68
2241   艾姆勒           34.45    35.50   -1.05  -2.96%        258               
4977   眾達-KY        175.00   172.00   +3.00  +1.74%       2764  51.65    1.27
6472   保瑞           433.00   435.00   -2.00  -0.46%        672  35.86    2.30
6409   旭隼          1020.00  1030.00  -10.00  -0.97%        256  39.91    3.57
6515   穎崴          6285.00  6250.00  +35.00  +0.56%        297 102.32    0.79
✅ SQLite 同步寫入: /var/repo/tw-stock-research/data/tw_stock.db

⚠️ z 無最新成交者採最佳買一／OHLC 估算：2753:best_bid_estimate, 1734:best_bid_estimate, 2834:best_bid_estimate, 3479:best_bid_estimate, 6412:best_bid_estimate, 2241:best_bid_estimate, 4977:best_bid_estimate, 6472:best_bid_estimate, 6409:best_bid_estimate
   執行以券商即時成交為準；無有效價格者不計算漲跌幅。
✅ 歷史記錄已寫入: /var/repo/tw-stock-research/price-history/daily-prices.csv
   總筆數: 297 (含表頭)
📊 Quinn 收盤價記錄器 (機械抓取 — 純資料, 無分析)
   監控標的: 11 支
   當下時間: 2026-09-01 13:30:01
   市場狀態: closed

代碼     名稱               成交       昨收      漲跌     漲跌幅        成交量     PE     殖利率
-------------------------------------------------------------------------------------
2753   八方雲集         179.50   182.00   -2.50  -1.37%        141  12.97    6.59
1734   杏輝            30.60    30.65   -0.05  -0.16%        265  16.57    5.22
6509   聚和國際          46.00    45.95   +0.05  +0.11%        586  12.69    3.03
2834   臺企銀           17.05    16.95   +0.10  +0.59%      54051  12.46    5.90
3479   安勤           125.50   126.50   -1.00  -0.79%        712  17.35    3.65
6412   群電            79.00    79.00   +0.00  +0.00%        700  13.01    4.68
2241   艾姆勒           34.05    34.60   -0.55  -1.59%        518               
4977   眾達-KY        178.00   175.00   +3.00  +1.71%       6484  52.55    1.25
6472   保瑞           420.00   433.00  -13.00  -3.00%        955  35.70    2.31
6409   旭隼          1030.00  1035.00   -5.00  -0.48%        237  40.10    3.55
6515   穎崴          6910.00  6285.00 +625.00  +9.94%        464 102.90    0.79
✅ SQLite 同步寫入: /var/repo/tw-stock-research/data/tw_stock.db

⚠️ z 無最新成交者採最佳買一／OHLC 估算：2753:best_bid_estimate, 1734:best_bid_estimate, 6509:best_bid_estimate, 2834:best_bid_estimate, 3479:best_bid_estimate, 6412:best_bid_estimate, 2241:best_bid_estimate, 4977:best_bid_estimate, 6472:best_bid_estimate, 6409:best_bid_estimate, 6515:best_bid_estimate
   執行以券商即時成交為準；無有效價格者不計算漲跌幅。
✅ 歷史記錄已寫入: /var/repo/tw-stock-research/price-history/daily-prices.csv
   總筆數: 308 (含表頭)
📊 Quinn 收盤價記錄器 (機械抓取 — 純資料, 無分析)
   監控標的: 11 支
   當下時間: 2026-09-02 13:30:01
   市場狀態: closed

代碼     名稱               成交       昨收      漲跌     漲跌幅        成交量     PE     殖利率
-------------------------------------------------------------------------------------
2753   八方雲集         181.50   179.50   +2.00  +1.11%        115  12.79    6.69
1734   杏輝            30.60    30.60   +0.00  +0.00%         99  16.54    5.23
6509   聚和國際          46.75    46.00   +0.75  +1.63%        954  12.71    3.03
2834   臺企銀           17.20    17.10   +0.10  +0.58%      40857  12.57    5.85
3479   安勤           124.00   125.50   -1.50  -1.20%        422  17.22    3.68
6412   群電            79.10    79.10   +0.00  +0.00%        409  13.03    4.68
2241   艾姆勒           34.30    34.05   +0.25  +0.73%        213               
4977   眾達-KY        177.50   178.50   -1.00  -0.56%       5585  53.60    1.22
6472   保瑞           423.00   420.00   +3.00  +0.71%        459  34.62    2.38
6409   旭隼          1005.00  1030.00  -25.00  -2.43%        221  39.91    3.57
6515   穎崴          7050.00  6910.00 +140.00  +2.03%        915 113.13    0.72
✅ SQLite 同步寫入: /var/repo/tw-stock-research/data/tw_stock.db

⚠️ z 無最新成交者採最佳買一／OHLC 估算：2753:best_bid_estimate, 1734:best_bid_estimate, 2834:best_bid_estimate, 3479:best_bid_estimate, 6412:best_bid_estimate, 2241:best_bid_estimate, 6409:best_bid_estimate, 6515:best_bid_estimate
   執行以券商即時成交為準；無有效價格者不計算漲跌幅。
✅ 歷史記錄已寫入: /var/repo/tw-stock-research/price-history/daily-prices.csv
   總筆數: 319 (含表頭)
📊 Quinn 收盤價記錄器 (機械抓取 — 純資料, 無分析)
   監控標的: 11 支
   當下時間: 2026-09-03 13:30:01
   市場狀態: closed

代碼     名稱               成交       昨收      漲跌     漲跌幅        成交量     PE     殖利率
-------------------------------------------------------------------------------------
2753 八方雲集: 無報價資料
1734 杏輝: 無報價資料
6509 聚和國際: 無報價資料
2834 臺企銀: 無報價資料
3479 安勤: 無報價資料
6412 群電: 無報價資料
2241 艾姆勒: 無報價資料
4977   眾達-KY        172.50   176.50   -4.00  -2.27%       5786  53.00    1.24
6472   保瑞           411.50   422.50  -11.00  -2.60%        613  34.83    2.37
6409   旭隼           972.00  1005.00  -33.00  -3.28%        396  38.94    3.66
6515   穎崴          7000.00  7050.00  -50.00  -0.71%        740 115.42    0.70
✅ SQLite 同步寫入: /var/repo/tw-stock-research/data/tw_stock.db

⚠️ z 無最新成交者採最佳買一／OHLC 估算：6472:best_bid_estimate, 6515:best_bid_estimate
   執行以券商即時成交為準；無有效價格者不計算漲跌幅。
✅ 歷史記錄已寫入: /var/repo/tw-stock-research/price-history/daily-prices.csv
   總筆數: 323 (含表頭)
